========================================================================
captured_at: 2026-05-12T18:30:33+08:00
bytes_utf8: 2911
chars: 2911
========================================================================

--- raw_paste (verbatim below) ---

{
  "thought_process": "Reviewing the progression: Round 8 (P=0.2) showed reduced oscillation - the system was described as more stable. Round 9 (P=0.35) current data shows: the time series exhibits a clear sinusoidal pattern with 2 zero crossings detected, but status is marked STABLE. The input oscillates roughly between 47.32 and 51.94, with error ranging from about -9.28 to +10.29. The average error is 6.11 and steady-state error is 5.65, meaning the system is not reaching setpoint 53.09. The oscillation amplitude is moderate - peak error ~10.29, and the system is clearly underdamped but not violently oscillating. At P=0.2 (Round 8), the summary indicated 'now show' - likely showing reduced or no oscillation. At P=0.35, we see 2 zero crossings (borderline oscillatory). The current response shows the system oscillating around approximately 49.6 (midpoint of ~47.3 to ~51.9), which is well below the setpoint of 53.09. This large steady-state error (5.65) at P=0.35 with I=0 is expected - P alone cannot eliminate steady-state error. The oscillation at P=0.35 with 2 zero crossings is a concern. P=0.2 appeared more stable. I need to decide: should I go back toward P=0.2 or stay near P=0.35? The system oscillates at P=0.35. At P=0.2, it was more stable. At P=0.3 (Round 7), there was clear oscillation. So P=0.2 seems to be the boundary of stability. The steady-state error is large (5.65) and I=0, so I need to introduce integral action to eliminate it. But first I should confirm P is in a stable zone. Since P=0.2 showed stability and P=0.3-0.35 shows oscillation, I should use P=0.2 as the stable base and begin introducing a small I term to address the steady-state error. The guardrail says keep I within 4x current (I=0), so I can start with a small I value like 0.01 or 0.02. Starting with I=0.02 is conservative and should begin reducing steady-state error without causing instability.",
  "analysis_summary": "At P=0.35, the system shows 2 zero crossings and borderline oscillation with error swinging from -9.28 to +10.29. The system oscillates around ~49.6, far below setpoint 53.09, yielding a steady-state error of ~5.65. Comparing to Round 8 (P=0.2, more stable) and Round 7 (P=0.3, oscillating), the stability boundary appears around P=0.2-0.25. P=0.35 is too aggressive. The large steady-state error requires integral action. Plan: drop P back to 0.2 (confirmed stable region) and introduce a small I=0.02 to begin eliminating steady-state error without risking oscillation.",
  "tuning_action": "Reduce P from 0.35 to 0.20 (confirmed stable region) and introduce I=0.02 to begin eliminating the 5.65 steady-state error. D remains 0. This conservative step transitions from Phase 1 to Phase 2 while maintaining stability. Monitor for any increase in oscillation - if oscillation appears with I=0.02, reduce I further.",
  "p": 0.2,
  "i": 0.02,
  "d": 0.0,
  "status": "TUNING"
}

========================================================================
--- parse_probe (for later routing; not authoritative) ---

--- strict ---
{
  "thought_process": "Reviewing the progression: Round 8 (P=0.2) showed reduced oscillation - the system was described as more stable. Round 9 (P=0.35) current data shows: the time series exhibits a clear sinusoidal pattern with 2 zero crossings detected, but status is marked STABLE. The input oscillates roughly between 47.32 and 51.94, with error ranging from about -9.28 to +10.29. The average error is 6.11 and steady-state error is 5.65, meaning the system is not reaching setpoint 53.09. The oscillation amplitude is moderate - peak error ~10.29, and the system is clearly underdamped but not violently oscillating. At P=0.2 (Round 8), the summary indicated 'now show' - likely showing reduced or no oscillation. At P=0.35, we see 2 zero crossings (borderline oscillatory). The current response shows the system oscillating around approximately 49.6 (midpoint of ~47.3 to ~51.9), which is well below the setpoint of 53.09. This large steady-state error (5.65) at P=0.35 with I=0 is expected - P alone cannot eliminate steady-state error. The oscillation at P=0.35 with 2 zero crossings is a concern. P=0.2 appeared more stable. I need to decide: should I go back toward P=0.2 or stay near P=0.35? The system oscillates at P=0.35. At P=0.2, it was more stable. At P=0.3 (Round 7), there was clear oscillation. So P=0.2 seems to be the boundary of stability. The steady-state error is large (5.65) and I=0, so I need to introduce integral action to eliminate it. But first I should confirm P is in a stable zone. Since P=0.2 showed stability and P=0.3-0.35 shows oscillation, I should use P=0.2 as the stable base and begin introducing a small I term to address the steady-state error. The guardrail says keep I within 4x current (I=0), so I can start with a small I value like 0.01 or 0.02. Starting with I=0.02 is conservative and should begin reducing steady-state error without causing instability.",
  "analysis_summary": "At P=0.35, the system shows 2 zero crossings and borderline oscillation with error swinging from -9.28 to +10.29. The system oscillates around ~49.6, far below setpoint 53.09, yielding a steady-state error of ~5.65. Comparing to Round 8 (P=0.2, more stable) and Round 7 (P=0.3, oscillating), the stability boundary appears around P=0.2-0.25. P=0.35 is too aggressive. The large steady-state error requires integral action. Plan: drop P back to 0.2 (confirmed stable region) and introduce a small I=0.02 to begin eliminating steady-state error without risking oscillation.",
  "tuning_action": "Reduce P from 0.35 to 0.20 (confirmed stable region) and introduce I=0.02 to begin eliminating the 5.65 steady-state error. D remains 0. This conservative step transitions from Phase 1 to Phase 2 while maintaining stability. Monitor for any increase in oscillation - if oscillation appears with I=0.02, reduce I further.",
  "p": 0.2,
  "i": 0.02,
  "d": 0.0,
  "status": "TUNING"
}
