========================================================================
captured_at: 2026-05-13T10:34:30+08:00
bytes_utf8: 2575
chars: 2575
========================================================================

--- raw_paste (verbatim below) ---

```json
{
  "thought_process": "Round 4 analysis: Current PID is P=6.0, I=0.0, D=0.0. Still in Phase 1 (P-only tuning). Progress across rounds: MAE: 4.37 -> 3.15 -> 2.19 -> 1.63, RMS: 4.82 -> 3.55 -> 2.52 -> 1.82. Consistent improvement with each P increase. Current state: TRACKING_OVERSHOOTING_VS_INSTANT_SP with max instantaneous overshoot of 6.20% and error zero-crossings = 2. The time-series data shows the system is tracking the sinusoidal-like r(t) with a phase lag - errors are consistently non-zero (ranging from -3.14 to +2.47), indicating the system lags behind r(t). The PWM output ranges from about -18 to +16, well within saturation limits. The steady-state error estimate of 1.65 confirms persistent tracking offset. With 6.20% instantaneous overshoot, the system is not yet showing dangerous oscillation - it is crossing zero only twice, which is consistent with phase-lag tracking rather than self-sustained oscillation. The guardrail allows up to 3x current P = 18.0 max. Given the consistent improvement trend and no dangerous signs, I should continue increasing P. However, since overshoot is appearing (6.20%) and zero-crossings = 2, I need to be more conservative. A moderate step from 6.0 to 8.0 (factor ~1.33) is appropriate - enough to further reduce phase lag and tracking RMS, while not risking significant overshoot amplification. If overshoot grows beyond ~10-12% or zero-crossings increase significantly, I will stop P increase and consider adding small I. The system is a hardware plant, so conservative increments are mandatory.",
  "analysis_summary": "Round 4 (P=6.0): MAE=1.63, RMS=1.82, max error=3.14, instantaneous overshoot=6.20%, zero-crossings=2, steady-state error=1.65. Trend: MAE and RMS continue declining with P increases (4.37->3.15->2.19->1.63), confirming P is still beneficial. The 6.20% overshoot is acceptable and below alarm threshold. Zero-crossings=2 is low - no sustained oscillation. PWM range (-18 to +16) is well within actuator limits. Phase lag remains the dominant problem - system consistently trails r(t). Stable enough to attempt another moderate P increase.",
  "tuning_action": "Increase P from 6.0 to 8.0 (factor ~1.33, within 3x guardrail). Keep I=0.0, D=0.0 (Phase 1 continues). Rationale: consistent MAE/RMS improvement trend, no dangerous oscillation, acceptable overshoot at 6.20%. A step to 8.0 should further reduce phase lag. If next round shows overshoot >10% or zero-crossings >4, reduce P or hold and consider introducing small I.",
  "p": 8.0,
  "i": 0.0,
  "d": 0.0,
  "status": "TUNING"
}
```

========================================================================
--- parse_probe (for later routing; not authoritative) ---

--- strict ---
{
  "thought_process": "Round 4 analysis: Current PID is P=6.0, I=0.0, D=0.0. Still in Phase 1 (P-only tuning). Progress across rounds: MAE: 4.37 -> 3.15 -> 2.19 -> 1.63, RMS: 4.82 -> 3.55 -> 2.52 -> 1.82. Consistent improvement with each P increase. Current state: TRACKING_OVERSHOOTING_VS_INSTANT_SP with max instantaneous overshoot of 6.20% and error zero-crossings = 2. The time-series data shows the system is tracking the sinusoidal-like r(t) with a phase lag - errors are consistently non-zero (ranging from -3.14 to +2.47), indicating the system lags behind r(t). The PWM output ranges from about -18 to +16, well within saturation limits. The steady-state error estimate of 1.65 confirms persistent tracking offset. With 6.20% instantaneous overshoot, the system is not yet showing dangerous oscillation - it is crossing zero only twice, which is consistent with phase-lag tracking rather than self-sustained oscillation. The guardrail allows up to 3x current P = 18.0 max. Given the consistent improvement trend and no dangerous signs, I should continue increasing P. However, since overshoot is appearing (6.20%) and zero-crossings = 2, I need to be more conservative. A moderate step from 6.0 to 8.0 (factor ~1.33) is appropriate - enough to further reduce phase lag and tracking RMS, while not risking significant overshoot amplification. If overshoot grows beyond ~10-12% or zero-crossings increase significantly, I will stop P increase and consider adding small I. The system is a hardware plant, so conservative increments are mandatory.",
  "analysis_summary": "Round 4 (P=6.0): MAE=1.63, RMS=1.82, max error=3.14, instantaneous overshoot=6.20%, zero-crossings=2, steady-state error=1.65. Trend: MAE and RMS continue declining with P increases (4.37->3.15->2.19->1.63), confirming P is still beneficial. The 6.20% overshoot is acceptable and below alarm threshold. Zero-crossings=2 is low - no sustained oscillation. PWM range (-18 to +16) is well within actuator limits. Phase lag remains the dominant problem - system consistently trails r(t). Stable enough to attempt another moderate P increase.",
  "tuning_action": "Increase P from 6.0 to 8.0 (factor ~1.33, within 3x guardrail). Keep I=0.0, D=0.0 (Phase 1 continues). Rationale: consistent MAE/RMS improvement trend, no dangerous oscillation, acceptable overshoot at 6.20%. A step to 8.0 should further reduce phase lag. If next round shows overshoot >10% or zero-crossings >4, reduce P or hold and consider introducing small I.",
  "p": 8.0,
  "i": 0.0,
  "d": 0.0,
  "status": "TUNING"
}
