========================================================================
captured_at: 2026-05-13T10:52:34+08:00
bytes_utf8: 2939
chars: 1521
========================================================================

--- raw_paste (verbatim below) ---

```json
{
  "thought_process": "Round 2 → Round 3 对比分析：\n\n历史轨迹：\n- Round 1: P=2.0, I=0.01, D=0 → MAE=2.69, RMS=3.10, 稳态误差=1.22, 瞬时超调~10.24%, 状态=TRACKING_LARGE_ERROR\n- Round 2: P=3.0, I=0.01, D=0 → MAE=0.91, RMS=1.06, 稳态误差=0.32, 瞬时超调~4.08%, 状态=TRACKING_SMALL_ERROR\n\n关键改善：P从2.0→3.0后，MAE下降66%（2.69→0.91），RMS下降66%（3.10→1.06），稳态误差下降74%（1.22→0.32），瞬时超调从10.24%降至4.08%，跟踪质量显著提升且无振荡恶化迹象。\n\n当前状态诊断：\n1. 跟踪误差已进入小误差区（MAE<1.0），但仍有优化空间（稳态误差0.32，RMS=1.06）。\n2. PWM轨迹平滑（-5.5至5.1范围），无饱和或剧烈抖动，系统动态健康。\n3. 误差过零2次（给定时变，非振荡信号），瞬时超调4.08%处于安全区。\n4. 时序数据显示：y(t)能较好跟随r(t)的正弦变化（58s处r≈55/y≈58误差-2.27，62s处r≈65/y≈65误差-0.52），相位滞后已明显缩小。\n\n调参阶段判定：\n- 当前处于Phase 1（P主导调整），I=0.01极小（仅防积分器死区），D=0未启用。\n- P=3.0已使系统进入可控跟踪区，但稳态误差0.32和RMS=1.06表明仍有低频跟踪偏移，符合「P可用后引入I」的条件。\n\n下一步策略：\n- 按调参顺序进入Phase 2：保持P=3.0不变，适度提升I以消除稳态偏移。\n- I从0.01提升至0.03（3倍增幅，在护栏hint的4x范围内），观察能否进一步降低稳态误差和RMS，同时监控是否引入振荡。\n- 理由：P已稳定工作，I的作用是累积低频误差并施加修正力，当前稳态误差0.32和末段误差-0.52→-0.34→-0.15的缓慢收敛表明需要更强的积分作用。\n- 风险控制：I增幅保守（0.01→0.03），若出现振荡或RMS恶化则下轮回退I。\n- D保持0，Phase 3暂不启动。",
  "analysis_summary": "Round 2数据显示P=3.0使跟踪性能大幅改善：MAE从2.69降至0.91，RMS从3.10降至1.06，稳态误差从1.22降至0.32，瞬时超调从10.24%降至4.08%，系统进入TRACKING_SMALL_ERROR状态且无振荡征兆。当前P已使闭环在可接受动态范围内工作，但稳态误差0.32和末段误差缓慢收敛表明存在低频跟踪偏移，符合引入I的条件。PWM轨迹平滑（-5.5至5.1），无饱和或抖动，系统动态健康。按调参顺序进入Phase 2：保持P=3.0，将I从0.01提升至0.03以消除稳态偏移，同时监控振荡风险。",
  "tuning_action": "保持P=3.0不变（Phase 1已找到合适P工作区），将I从0.01提升至0.03（3倍增幅，在护栏4x范围内）以消除稳态误差0.32和低频跟踪偏移，进入Phase 2积分项整定。D保持0（Phase 3未启动）。预期I增强后稳态误差和RMS进一步下降，若出现振荡则下轮回退I。",
  "p": 3.0,
  "i": 0.03,
  "d": 0.0,
  "status": "TUNING"
}
```

========================================================================
--- parse_probe (for later routing; not authoritative) ---

--- strict ---
{
  "thought_process": "Round 2 → Round 3 对比分析：\n\n历史轨迹：\n- Round 1: P=2.0, I=0.01, D=0 → MAE=2.69, RMS=3.10, 稳态误差=1.22, 瞬时超调~10.24%, 状态=TRACKING_LARGE_ERROR\n- Round 2: P=3.0, I=0.01, D=0 → MAE=0.91, RMS=1.06, 稳态误差=0.32, 瞬时超调~4.08%, 状态=TRACKING_SMALL_ERROR\n\n关键改善：P从2.0→3.0后，MAE下降66%（2.69→0.91），RMS下降66%（3.10→1.06），稳态误差下降74%（1.22→0.32），瞬时超调从10.24%降至4.08%，跟踪质量显著提升且无振荡恶化迹象。\n\n当前状态诊断：\n1. 跟踪误差已进入小误差区（MAE<1.0），但仍有优化空间（稳态误差0.32，RMS=1.06）。\n2. PWM轨迹平滑（-5.5至5.1范围），无饱和或剧烈抖动，系统动态健康。\n3. 误差过零2次（给定时变，非振荡信号），瞬时超调4.08%处于安全区。\n4. 时序数据显示：y(t)能较好跟随r(t)的正弦变化（58s处r≈55/y≈58误差-2.27，62s处r≈65/y≈65误差-0.52），相位滞后已明显缩小。\n\n调参阶段判定：\n- 当前处于Phase 1（P主导调整），I=0.01极小（仅防积分器死区），D=0未启用。\n- P=3.0已使系统进入可控跟踪区，但稳态误差0.32和RMS=1.06表明仍有低频跟踪偏移，符合「P可用后引入I」的条件。\n\n下一步策略：\n- 按调参顺序进入Phase 2：保持P=3.0不变，适度提升I以消除稳态偏移。\n- I从0.01提升至0.03（3倍增幅，在护栏hint的4x范围内），观察能否进一步降低稳态误差和RMS，同时监控是否引入振荡。\n- 理由：P已稳定工作，I的作用是累积低频误差并施加修正力，当前稳态误差0.32和末段误差-0.52→-0.34→-0.15的缓慢收敛表明需要更强的积分作用。\n- 风险控制：I增幅保守（0.01→0.03），若出现振荡或RMS恶化则下轮回退I。\n- D保持0，Phase 3暂不启动。",
  "analysis_summary": "Round 2数据显示P=3.0使跟踪性能大幅改善：MAE从2.69降至0.91，RMS从3.10降至1.06，稳态误差从1.22降至0.32，瞬时超调从10.24%降至4.08%，系统进入TRACKING_SMALL_ERROR状态且无振荡征兆。当前P已使闭环在可接受动态范围内工作，但稳态误差0.32和末段误差缓慢收敛表明存在低频跟踪偏移，符合引入I的条件。PWM轨迹平滑（-5.5至5.1），无饱和或抖动，系统动态健康。按调参顺序进入Phase 2：保持P=3.0，将I从0.01提升至0.03以消除稳态偏移，同时监控振荡风险。",
  "tuning_action": "保持P=3.0不变（Phase 1已找到合适P工作区），将I从0.01提升至0.03（3倍增幅，在护栏4x范围内）以消除稳态误差0.32和低频跟踪偏移，进入Phase 2积分项整定。D保持0（Phase 3未启动）。预期I增强后稳态误差和RMS进一步下降，若出现振荡则下轮回退I。",
  "p": 3.0,
  "i": 0.03,
  "d": 0.0,
  "status": "TUNING"
}
