========================================================================
captured_at: 2026-05-13T10:35:43+08:00
bytes_utf8: 2296
chars: 2276
========================================================================

--- raw_paste (verbatim below) ---

```json
{
  "thought_process": "Round 6 analysis: Current PID is P=10.5, I=0.0, D=0.0. Still in Phase 1 (P-only tuning). Historical progress: MAE: 4.37→3.15→2.19→1.63→1.16→0.87, RMS: 4.82→3.55→2.52→1.82→1.30→0.96. Excellent consistent improvement. The setpoint r(t) is time-varying (40.01 to 60, span ~20). Current tracking quality: MAE=0.87, RMS=0.96, max error=1.36, steady-state error estimate=0.39. Instantaneous relative overshoot ~2.79% is acceptable. Error zero-crossing count=2 is low and does not indicate problematic oscillation given the time-varying setpoint. PWM output ranges from -15.8 to +15.8, showing good modulation without saturation. The system is tracking the time-varying setpoint well with small phase lag. Phase 1 (P-only) is delivering strong results, but there is still room for improvement: MAE=0.87 and steady-state error=0.39 suggest we can push P higher to further reduce tracking lag and improve response speed. The guardrail allows up to 3x current P (31.5 max), but given hardware safety and the conservative approach, a moderate increase is warranted. No signs of instability or dangerous overshoot. The tracking error is consistently small and well-behaved. Next step: increase P to 13.5 (1.29x increase, well within guardrail) to further tighten tracking and reduce phase lag. This remains a safe, evidence-based increment in Phase 1.",
  "analysis_summary": "Phase 1 (P-only) continues with excellent progress. MAE improved from 1.16 to 0.87, RMS from 1.30 to 0.96. Tracking quality is good with max error 1.36 and steady-state error 0.39. No oscillation or instability observed. PWM output is well-modulated without saturation. The system tracks the time-varying setpoint with acceptable phase lag and minimal overshoot (2.79%). Further increase in P is justified to reduce tracking error and improve response speed while maintaining safety.",
  "tuning_action": "Increase P from 10.5 to 13.5 (1.29x) to further reduce tracking lag and tighten error margins. This increment is conservative, well within the 3x guardrail, and supported by consistent improvement trend without any instability signs. I and D remain at 0 as Phase 1 (P-only tuning) is still delivering gains.",
  "p": 13.5,
  "i": 0.0,
  "d": 0.0,
  "status": "TUNING"
}
```

========================================================================
--- parse_probe (for later routing; not authoritative) ---

--- strict ---
{
  "thought_process": "Round 6 analysis: Current PID is P=10.5, I=0.0, D=0.0. Still in Phase 1 (P-only tuning). Historical progress: MAE: 4.37→3.15→2.19→1.63→1.16→0.87, RMS: 4.82→3.55→2.52→1.82→1.30→0.96. Excellent consistent improvement. The setpoint r(t) is time-varying (40.01 to 60, span ~20). Current tracking quality: MAE=0.87, RMS=0.96, max error=1.36, steady-state error estimate=0.39. Instantaneous relative overshoot ~2.79% is acceptable. Error zero-crossing count=2 is low and does not indicate problematic oscillation given the time-varying setpoint. PWM output ranges from -15.8 to +15.8, showing good modulation without saturation. The system is tracking the time-varying setpoint well with small phase lag. Phase 1 (P-only) is delivering strong results, but there is still room for improvement: MAE=0.87 and steady-state error=0.39 suggest we can push P higher to further reduce tracking lag and improve response speed. The guardrail allows up to 3x current P (31.5 max), but given hardware safety and the conservative approach, a moderate increase is warranted. No signs of instability or dangerous overshoot. The tracking error is consistently small and well-behaved. Next step: increase P to 13.5 (1.29x increase, well within guardrail) to further tighten tracking and reduce phase lag. This remains a safe, evidence-based increment in Phase 1.",
  "analysis_summary": "Phase 1 (P-only) continues with excellent progress. MAE improved from 1.16 to 0.87, RMS from 1.30 to 0.96. Tracking quality is good with max error 1.36 and steady-state error 0.39. No oscillation or instability observed. PWM output is well-modulated without saturation. The system tracks the time-varying setpoint with acceptable phase lag and minimal overshoot (2.79%). Further increase in P is justified to reduce tracking error and improve response speed while maintaining safety.",
  "tuning_action": "Increase P from 10.5 to 13.5 (1.29x) to further reduce tracking lag and tighten error margins. This increment is conservative, well within the 3x guardrail, and supported by consistent improvement trend without any instability signs. I and D remain at 0 as Phase 1 (P-only tuning) is still delivering gains.",
  "p": 13.5,
  "i": 0.0,
  "d": 0.0,
  "status": "TUNING"
}
