========================================================================
captured_at: 2026-05-13T10:57:38+08:00
bytes_utf8: 2126
chars: 1067
========================================================================

--- raw_paste (verbatim below) ---

```json
{
  "thought_process": "Round 1→2 对比分析：P从2.0→当前仍2.0，I/D保持0。关键改善：MAE从16.5降至4.44（-73%），RMS从23.3降至4.94（-79%），最大误差从49.95降至9.17（-82%），稳态误差从2.73升至5.97但仍在可控范围。瞬时超调从11.76%升至14.58%，略有增加但未失控。状态从TRACKING_LARGE_ERROR改善至TRACKING_MODERATE，说明P=2.0已显著提升跟踪能力。时序数据显示：系统能较好跟随r(t)变化（40-60区间），误差在±9以内波动，PWM在-12.9至15.2范围内调节，未见饱和或发散。过零2次不构成高频振荡证据（给定本身时变）。当前处于Phase 1（单独整定P）：P=2.0已将系统拉入可工作区，但MAE=4.44、RMS=4.94相对span≈20仍有22-25%相对误差，稳态误差5.97偏大。护栏hint允许P在3x范围内调整（即最高至6.0）。判断：P=2.0响应改善明显但跟踪精度仍不足，且无振荡征兆，应继续在Phase 1内递进增大P。硬件安全考量：超调14.58%可控，PWM未打满，可安全探索更大P。策略：在护栏顶端附近取有依据的一步，将P提升至3.5（1.75倍，低于3x上限），保持I/D=0，观察跟踪RMS能否进一步下降且不引发振荡。",
  "analysis_summary": "P=2.0使MAE/RMS大幅下降（-73%/-79%），系统从TRACKING_LARGE_ERROR改善至TRACKING_MODERATE，跟踪能力显著提升。当前误差水平MAE=4.44、RMS=4.94相对给定span≈20仍有改善空间，稳态误差5.97偏大。瞬时超调14.58%可控，PWM调节范围正常，无振荡或饱和迹象。Phase 1目标：继续递进增大P以缩短响应时间、降低跟踪误差，同时监控超调风险。",
  "tuning_action": "Phase 1持续：P从2.0提升至3.5（+75%，在护栏3x范围内），保持I=0、D=0。目标：进一步降低MAE/RMS，缩小稳态误差，验证更大P能否在不引发振荡前提下改善跟踪精度。下轮若RMS继续下降且超调可控则继续微增P；若出现振荡或超调恶化则回退并转Phase 2引入I。",
  "p": 3.5,
  "i": 0.0,
  "d": 0.0,
  "status": "TUNING"
}
```

========================================================================
--- parse_probe (for later routing; not authoritative) ---

--- strict ---
{
  "thought_process": "Round 1→2 对比分析：P从2.0→当前仍2.0，I/D保持0。关键改善：MAE从16.5降至4.44（-73%），RMS从23.3降至4.94（-79%），最大误差从49.95降至9.17（-82%），稳态误差从2.73升至5.97但仍在可控范围。瞬时超调从11.76%升至14.58%，略有增加但未失控。状态从TRACKING_LARGE_ERROR改善至TRACKING_MODERATE，说明P=2.0已显著提升跟踪能力。时序数据显示：系统能较好跟随r(t)变化（40-60区间），误差在±9以内波动，PWM在-12.9至15.2范围内调节，未见饱和或发散。过零2次不构成高频振荡证据（给定本身时变）。当前处于Phase 1（单独整定P）：P=2.0已将系统拉入可工作区，但MAE=4.44、RMS=4.94相对span≈20仍有22-25%相对误差，稳态误差5.97偏大。护栏hint允许P在3x范围内调整（即最高至6.0）。判断：P=2.0响应改善明显但跟踪精度仍不足，且无振荡征兆，应继续在Phase 1内递进增大P。硬件安全考量：超调14.58%可控，PWM未打满，可安全探索更大P。策略：在护栏顶端附近取有依据的一步，将P提升至3.5（1.75倍，低于3x上限），保持I/D=0，观察跟踪RMS能否进一步下降且不引发振荡。",
  "analysis_summary": "P=2.0使MAE/RMS大幅下降（-73%/-79%），系统从TRACKING_LARGE_ERROR改善至TRACKING_MODERATE，跟踪能力显著提升。当前误差水平MAE=4.44、RMS=4.94相对给定span≈20仍有改善空间，稳态误差5.97偏大。瞬时超调14.58%可控，PWM调节范围正常，无振荡或饱和迹象。Phase 1目标：继续递进增大P以缩短响应时间、降低跟踪误差，同时监控超调风险。",
  "tuning_action": "Phase 1持续：P从2.0提升至3.5（+75%，在护栏3x范围内），保持I=0、D=0。目标：进一步降低MAE/RMS，缩小稳态误差，验证更大P能否在不引发振荡前提下改善跟踪精度。下轮若RMS继续下降且超调可控则继续微增P；若出现振荡或超调恶化则回退并转Phase 2引入I。",
  "p": 3.5,
  "i": 0.0,
  "d": 0.0,
  "status": "TUNING"
}
