========================================================================
captured_at: 2026-05-13T10:37:51+08:00
bytes_utf8: 2817
chars: 2785
========================================================================

--- raw_paste (verbatim below) ---

```json
{
  "thought_process": "Round 8 analysis: Current PID is P=17.0, I=0.0, D=0.0. Still in Phase 1 (P-only tuning). Historical MAE progression: 4.37→3.15→2.19→1.63→1.16→0.87→0.64→0.51, RMS: 4.82→3.55→2.52→1.82→1.30→0.96→0.72→0.57. Excellent continuous improvement trend maintained. The setpoint r(t) is time-varying (40-60 range, span≈20), so this is a tracking task, not step response. Current tracking performance: MAE=0.51, RMS=0.57, max error=1.02, instantaneous overshoot≈1.58%. The error zero-crossing count=2 is low and consistent with tracking a smooth time-varying reference, not oscillation. PWM output ranges from -15.8 to +17.6, well within safe bounds, no saturation issues. The time series shows clean sinusoidal-like tracking with small phase lag and amplitude error. Steady-state error estimate (last 20% window mean) is 0.64, which is reasonable for P-only control tracking a moving target. Phase 1 assessment: P=17.0 has brought MAE down to 0.51 and RMS to 0.57, both excellent results. The system is stable, no oscillation signs, and tracking quality is high. However, there is still room for improvement: the steady-state tracking error of 0.64 and the phase lag visible in the time series suggest we can push P higher within the guardrail (3x current = 51 max). Given the consistent improvement trend and absence of instability, I will continue increasing P, but with a smaller increment now that we are approaching good performance. The guardrail allows up to 3x (51), but I will take a conservative step to P=21.0 (+4.0, about 23% increase), which is well within the safe range and allows us to observe if further P increase continues to reduce tracking error or if we start to see diminishing returns or early instability signs. I and D remain at 0 per Phase 1 protocol.",
  "analysis_summary": "Round 8 shows continued excellent progress: MAE dropped to 0.51 (from 0.64), RMS to 0.57 (from 0.72). The system is tracking a time-varying setpoint (40-60 range) with small phase lag and amplitude error. No oscillation or instability detected. PWM output is safe (-15.8 to +17.6). Steady-state tracking error is 0.64, indicating room for further P increase. Phase 1 (P-only tuning) continues successfully. The consistent downward trend in MAE/RMS across 8 rounds confirms P is still in the beneficial range.",
  "tuning_action": "Increase P from 17.0 to 21.0 (+4.0, ~23% increase) to further reduce tracking error and phase lag. This increment is conservative relative to the 3x guardrail (max 51) and aligns with the observed stable improvement trend. I and D remain at 0 per Phase 1 protocol. Will monitor next round for continued MAE/RMS reduction or any early signs of diminishing returns.",
  "p": 21.0,
  "i": 0.0,
  "d": 0.0,
  "status": "TUNING"
}
```

========================================================================
--- parse_probe (for later routing; not authoritative) ---

--- strict ---
{
  "thought_process": "Round 8 analysis: Current PID is P=17.0, I=0.0, D=0.0. Still in Phase 1 (P-only tuning). Historical MAE progression: 4.37→3.15→2.19→1.63→1.16→0.87→0.64→0.51, RMS: 4.82→3.55→2.52→1.82→1.30→0.96→0.72→0.57. Excellent continuous improvement trend maintained. The setpoint r(t) is time-varying (40-60 range, span≈20), so this is a tracking task, not step response. Current tracking performance: MAE=0.51, RMS=0.57, max error=1.02, instantaneous overshoot≈1.58%. The error zero-crossing count=2 is low and consistent with tracking a smooth time-varying reference, not oscillation. PWM output ranges from -15.8 to +17.6, well within safe bounds, no saturation issues. The time series shows clean sinusoidal-like tracking with small phase lag and amplitude error. Steady-state error estimate (last 20% window mean) is 0.64, which is reasonable for P-only control tracking a moving target. Phase 1 assessment: P=17.0 has brought MAE down to 0.51 and RMS to 0.57, both excellent results. The system is stable, no oscillation signs, and tracking quality is high. However, there is still room for improvement: the steady-state tracking error of 0.64 and the phase lag visible in the time series suggest we can push P higher within the guardrail (3x current = 51 max). Given the consistent improvement trend and absence of instability, I will continue increasing P, but with a smaller increment now that we are approaching good performance. The guardrail allows up to 3x (51), but I will take a conservative step to P=21.0 (+4.0, about 23% increase), which is well within the safe range and allows us to observe if further P increase continues to reduce tracking error or if we start to see diminishing returns or early instability signs. I and D remain at 0 per Phase 1 protocol.",
  "analysis_summary": "Round 8 shows continued excellent progress: MAE dropped to 0.51 (from 0.64), RMS to 0.57 (from 0.72). The system is tracking a time-varying setpoint (40-60 range) with small phase lag and amplitude error. No oscillation or instability detected. PWM output is safe (-15.8 to +17.6). Steady-state tracking error is 0.64, indicating room for further P increase. Phase 1 (P-only tuning) continues successfully. The consistent downward trend in MAE/RMS across 8 rounds confirms P is still in the beneficial range.",
  "tuning_action": "Increase P from 17.0 to 21.0 (+4.0, ~23% increase) to further reduce tracking error and phase lag. This increment is conservative relative to the 3x guardrail (max 51) and aligns with the observed stable improvement trend. I and D remain at 0 per Phase 1 protocol. Will monitor next round for continued MAE/RMS reduction or any early signs of diminishing returns.",
  "p": 21.0,
  "i": 0.0,
  "d": 0.0,
  "status": "TUNING"
}
