========================================================================
captured_at: 2026-05-13T10:35:14+08:00
bytes_utf8: 2282
chars: 2259
========================================================================

--- raw_paste (verbatim below) ---

```json
{
  "thought_process": "Round 5 analysis: Current PID is P=8.0, I=0.0, D=0.0. Still in Phase 1 (P-only tuning). The setpoint r(t) is time-varying (40 to 59.99, span ~20). Historical progress: MAE: 4.37→3.15→2.19→1.63→1.16, RMS: 4.82→3.55→2.52→1.82→1.29. Consistent improvement continues. Max absolute error is 1.82, instantaneous relative overshoot ~3.78%, both acceptable. Steady-state error estimate 0.55 indicates small tracking lag. PWM range -15.8 to +15.7 shows no saturation risk. Error zero-crossing count=2 is low for a time-varying setpoint spanning 20 units over ~4 seconds, indicating good tracking without oscillation. The system is responding well to P=8.0. Given the guardrail hint (keep P within ~3x current value, so up to ~24), and the fact that MAE and RMS are still decreasing steadily without signs of instability, I can continue increasing P to further reduce tracking lag. However, as we approach better tracking quality, step size should be moderated. Previous increments: 3.0→4.5 (+1.5), 4.5→6.0 (+1.5), 6.0→8.0 (+2.0). A further increase of +2.5 to P=10.5 stays well within the 3x guardrail (8.0×3=24) and maintains conservative progression for hardware safety. This should further reduce RMS and MAE while keeping overshoot and oscillation risk controlled. I and D remain at 0 per Phase 1 protocol.",
  "analysis_summary": "Round 5 shows continued strong improvement: MAE down to 1.16 (from 1.63), RMS down to 1.29 (from 1.82). Tracking a time-varying setpoint with span ~20 units, the system exhibits small steady-state lag (0.55) and acceptable instantaneous overshoot (~3.78%). PWM output is well within safe range, no saturation. Error crossing count is low, indicating stable tracking without oscillation. P=8.0 is working well but tracking error can be further reduced. Safe to continue Phase 1 P increase.",
  "tuning_action": "Increase P from 8.0 to 10.5 (+2.5 increment, within 3x guardrail). This moderate step continues Phase 1 P-only tuning to further reduce tracking lag and RMS error while maintaining hardware safety. I and D remain at 0. Monitor next round for continued MAE/RMS improvement and any signs of overshoot or oscillation increase.",
  "p": 10.5,
  "i": 0.0,
  "d": 0.0,
  "status": "TUNING"
}
```

========================================================================
--- parse_probe (for later routing; not authoritative) ---

--- strict ---
{
  "thought_process": "Round 5 analysis: Current PID is P=8.0, I=0.0, D=0.0. Still in Phase 1 (P-only tuning). The setpoint r(t) is time-varying (40 to 59.99, span ~20). Historical progress: MAE: 4.37→3.15→2.19→1.63→1.16, RMS: 4.82→3.55→2.52→1.82→1.29. Consistent improvement continues. Max absolute error is 1.82, instantaneous relative overshoot ~3.78%, both acceptable. Steady-state error estimate 0.55 indicates small tracking lag. PWM range -15.8 to +15.7 shows no saturation risk. Error zero-crossing count=2 is low for a time-varying setpoint spanning 20 units over ~4 seconds, indicating good tracking without oscillation. The system is responding well to P=8.0. Given the guardrail hint (keep P within ~3x current value, so up to ~24), and the fact that MAE and RMS are still decreasing steadily without signs of instability, I can continue increasing P to further reduce tracking lag. However, as we approach better tracking quality, step size should be moderated. Previous increments: 3.0→4.5 (+1.5), 4.5→6.0 (+1.5), 6.0→8.0 (+2.0). A further increase of +2.5 to P=10.5 stays well within the 3x guardrail (8.0×3=24) and maintains conservative progression for hardware safety. This should further reduce RMS and MAE while keeping overshoot and oscillation risk controlled. I and D remain at 0 per Phase 1 protocol.",
  "analysis_summary": "Round 5 shows continued strong improvement: MAE down to 1.16 (from 1.63), RMS down to 1.29 (from 1.82). Tracking a time-varying setpoint with span ~20 units, the system exhibits small steady-state lag (0.55) and acceptable instantaneous overshoot (~3.78%). PWM output is well within safe range, no saturation. Error crossing count is low, indicating stable tracking without oscillation. P=8.0 is working well but tracking error can be further reduced. Safe to continue Phase 1 P increase.",
  "tuning_action": "Increase P from 8.0 to 10.5 (+2.5 increment, within 3x guardrail). This moderate step continues Phase 1 P-only tuning to further reduce tracking lag and RMS error while maintaining hardware safety. I and D remain at 0. Monitor next round for continued MAE/RMS improvement and any signs of overshoot or oscillation increase.",
  "p": 10.5,
  "i": 0.0,
  "d": 0.0,
  "status": "TUNING"
}
