========================================================================
captured_at: 2026-05-13T10:52:57+08:00
bytes_utf8: 1912
chars: 1028
========================================================================

--- raw_paste (verbatim below) ---

{
  "thought_process": "历史轨迹回顾：Round1 P=2.0,I=0.01 → MAE=2.69,RMS=3.10,稳态误差=1.22; Round2 P=3.0,I=0.01 → MAE=0.91,RMS=1.06,稳态误差=0.32; Round3 P=3.0,I=0.03 → MAE=1.28,RMS=1.44,稳态误差=2.13。对比Round2和Round3：P不变，I从0.01增大到0.03，结果MAE从0.91上升到1.28，RMS从1.06上升到1.44，稳态误差从0.32恶化到2.13。这是一个明确的负面信号：I=0.03过大，积分过强导致跟踪性能下降。从时间序列数据来看，误差在后段持续为负（系统输出超过给定），PWM也随之转负，说明积分累积产生了过冲相位滞后效应。r(t)是时变的，积分项在快速变化的给定下容易过度累积。当前瞬时超调3.77%尚可接受，误差过零1次说明基本稳定但跟踪有相位偏差。决策：I过大是主因，应将I回退到Round2的水平0.01，P保持3.0不变，D继续为0。这样回到已验证的最好点Round2（MAE=0.91,RMS=1.06），然后观察是否需要进一步微调。护栏检查：P=3.0在当前3.0的3x=9以内；I=0.01在当前0.03的4x=0.12以内，且是回退到已验证更优点，符合保守硬件调参原则。",
  "analysis_summary": "Round3(P=3.0,I=0.03)相比Round2(P=3.0,I=0.01)性能全面下降：MAE 0.91→1.28(+40%)，RMS 1.06→1.44(+36%)，稳态误差 0.32→2.13(+566%)。时序数据显示后半段误差持续为负且PWM转负，积分在时变给定下过度累积导致相位滞后加剧。结论：I=0.03过大，需回退I至0.01恢复Round2的最优性能。P=3.0工作良好，维持不变。超调3.77%和1次过零均在可接受范围。",
  "tuning_action": "将I从0.03回退到0.01（已验证Round2最优点），P维持3.0，D维持0.0。目标恢复MAE~0.91、RMS~1.06、稳态误差~0.32的Round2水平，再根据下一轮数据决定是否继续微调I。",
  "p": 3.0,
  "i": 0.01,
  "d": 0.0,
  "status": "TUNING"
}

========================================================================
--- parse_probe (for later routing; not authoritative) ---

--- strict ---
{
  "thought_process": "历史轨迹回顾：Round1 P=2.0,I=0.01 → MAE=2.69,RMS=3.10,稳态误差=1.22; Round2 P=3.0,I=0.01 → MAE=0.91,RMS=1.06,稳态误差=0.32; Round3 P=3.0,I=0.03 → MAE=1.28,RMS=1.44,稳态误差=2.13。对比Round2和Round3：P不变，I从0.01增大到0.03，结果MAE从0.91上升到1.28，RMS从1.06上升到1.44，稳态误差从0.32恶化到2.13。这是一个明确的负面信号：I=0.03过大，积分过强导致跟踪性能下降。从时间序列数据来看，误差在后段持续为负（系统输出超过给定），PWM也随之转负，说明积分累积产生了过冲相位滞后效应。r(t)是时变的，积分项在快速变化的给定下容易过度累积。当前瞬时超调3.77%尚可接受，误差过零1次说明基本稳定但跟踪有相位偏差。决策：I过大是主因，应将I回退到Round2的水平0.01，P保持3.0不变，D继续为0。这样回到已验证的最好点Round2（MAE=0.91,RMS=1.06），然后观察是否需要进一步微调。护栏检查：P=3.0在当前3.0的3x=9以内；I=0.01在当前0.03的4x=0.12以内，且是回退到已验证更优点，符合保守硬件调参原则。",
  "analysis_summary": "Round3(P=3.0,I=0.03)相比Round2(P=3.0,I=0.01)性能全面下降：MAE 0.91→1.28(+40%)，RMS 1.06→1.44(+36%)，稳态误差 0.32→2.13(+566%)。时序数据显示后半段误差持续为负且PWM转负，积分在时变给定下过度累积导致相位滞后加剧。结论：I=0.03过大，需回退I至0.01恢复Round2的最优性能。P=3.0工作良好，维持不变。超调3.77%和1次过零均在可接受范围。",
  "tuning_action": "将I从0.03回退到0.01（已验证Round2最优点），P维持3.0，D维持0.0。目标恢复MAE~0.91、RMS~1.06、稳态误差~0.32的Round2水平，再根据下一轮数据决定是否继续微调I。",
  "p": 3.0,
  "i": 0.01,
  "d": 0.0,
  "status": "TUNING"
}
