========================================================================
captured_at: 2026-05-12T18:26:15+08:00
bytes_utf8: 3194
chars: 3194
========================================================================

--- raw_paste (verbatim below) ---

{
  "thought_process": "This is the first tuning round. Current parameters: P=3.0, I=0.0, D=0.0. Analyzing the time series data: The system starts at 0.19 and the setpoint is ~50. The response rises quickly to a peak of ~59.07 at t=1320ms, which is an overshoot of about 18.1% above setpoint (59.07 vs 50). After the peak, the system oscillates downward, crossing the setpoint around t=2360ms (value=49.47), then continuing to drop to a trough around t=3240ms (value=40.77), which is an undershoot of about 18.5% below setpoint. Then it starts rising again. The oscillation is significant - two zero crossings detected. The system is in a damped oscillation pattern. The average error is 7.29 and the estimated steady-state error is 2.76. The PWM signal swings from +111.6 down to -14.6, showing the controller is quite active. Key observations: 1) The rise time is fast (reaches setpoint in ~1300ms), so P=3.0 provides adequate speed. 2) The overshoot is 18.1%, which is well above the 5% target. 3) The system oscillates with significant amplitude. 4) There's a residual steady-state error of 2.76. Since we are in Phase 1 (P-only tuning), the overshoot of 18.1% indicates P=3.0 is too high or the system has significant inertia causing overshoot. With I=0 and D=0, the large overshoot is driven by P gain being too aggressive relative to the system dynamics. The oscillation period appears to be roughly 2000-2500ms. To reduce overshoot from 18.1% to under 5% while keeping I=0 and D=0, I need to reduce P. The system shows good rise speed, so reducing P moderately should decrease overshoot without making response too slow. Current P=3.0 causes 18.1% overshoot. A conservative reduction to P=2.0 (about 33% reduction) should help reduce overshoot significantly. However, the guardrail says keep within 3x current value, so range is 1.0 to 9.0. Reducing to P=2.0 is a reasonable step. Actually, with such large oscillations and the conservative hardware strategy, I should reduce P more carefully. Let me try P=1.8 to see if it reduces overshoot while maintaining acceptable rise time. Actually considering the overshoot is ~18% which is quite large, and we need to get it under 5%, reducing P from 3.0 to around 2.0 is a reasonable conservative step. I'll go with P=2.0, keeping I and D at 0.",
  "analysis_summary": "P=3.0 produces fast rise (~1300ms to setpoint) but causes 18.1% overshoot and sustained oscillation (2 zero crossings). Peak reaches 59.07 vs setpoint 50, trough drops to ~40.77, indicating underdamped behavior. Steady-state error ~2.76 (expected with I=0). System is in Phase 1 (P-only). The rise speed is already acceptable; the primary problem is excessive overshoot and oscillation. P must be reduced to bring overshoot under 5%. No evidence that P needs to be increased.",
  "tuning_action": "Reduce P from 3.0 to 2.0 (33% reduction) to decrease overshoot and dampen oscillation. Keep I=0.0 and D=0.0 per Phase 1 protocol. This conservative step should meaningfully reduce overshoot while preserving adequate rise speed. If overshoot remains above 5%, further P reduction will be needed in the next round.",
  "p": 2.0,
  "i": 0.0,
  "d": 0.0,
  "status": "TUNING"
}

========================================================================
--- parse_probe (for later routing; not authoritative) ---

--- strict ---
{
  "thought_process": "This is the first tuning round. Current parameters: P=3.0, I=0.0, D=0.0. Analyzing the time series data: The system starts at 0.19 and the setpoint is ~50. The response rises quickly to a peak of ~59.07 at t=1320ms, which is an overshoot of about 18.1% above setpoint (59.07 vs 50). After the peak, the system oscillates downward, crossing the setpoint around t=2360ms (value=49.47), then continuing to drop to a trough around t=3240ms (value=40.77), which is an undershoot of about 18.5% below setpoint. Then it starts rising again. The oscillation is significant - two zero crossings detected. The system is in a damped oscillation pattern. The average error is 7.29 and the estimated steady-state error is 2.76. The PWM signal swings from +111.6 down to -14.6, showing the controller is quite active. Key observations: 1) The rise time is fast (reaches setpoint in ~1300ms), so P=3.0 provides adequate speed. 2) The overshoot is 18.1%, which is well above the 5% target. 3) The system oscillates with significant amplitude. 4) There's a residual steady-state error of 2.76. Since we are in Phase 1 (P-only tuning), the overshoot of 18.1% indicates P=3.0 is too high or the system has significant inertia causing overshoot. With I=0 and D=0, the large overshoot is driven by P gain being too aggressive relative to the system dynamics. The oscillation period appears to be roughly 2000-2500ms. To reduce overshoot from 18.1% to under 5% while keeping I=0 and D=0, I need to reduce P. The system shows good rise speed, so reducing P moderately should decrease overshoot without making response too slow. Current P=3.0 causes 18.1% overshoot. A conservative reduction to P=2.0 (about 33% reduction) should help reduce overshoot significantly. However, the guardrail says keep within 3x current value, so range is 1.0 to 9.0. Reducing to P=2.0 is a reasonable step. Actually, with such large oscillations and the conservative hardware strategy, I should reduce P more carefully. Let me try P=1.8 to se",
  "analysis_summary": "P=3.0 produces fast rise (~1300ms to setpoint) but causes 18.1% overshoot and sustained oscillation (2 zero crossings). Peak reaches 59.07 vs setpoint 50, trough drops to ~40.77, indicating underdamped behavior. Steady-state error ~2.76 (expected with I=0). System is in Phase 1 (P-only). The rise speed is already acceptable; the primary problem is excessive overshoot and oscillation. P must be reduced to bring overshoot under 5%. No evidence that P needs to be increased.",
  "tuning_action": "Reduce P from 3.0 to 2.0 (33% reduction) to decrease overshoot and dampen oscillation. Keep I=0.0 and D=0.0 per Phase 1 protocol. This conservative step should meaningfully reduce overshoot while preserving adequate rise speed. If overshoot remains above 5%, further P reduction will be needed in the next round.",
  "p": 2.0,
  "i": 0.0,
  "d": 0.0,
  "status": "TUNING"
}
--- guard_notes (strict attempts) ---
- truncate thought_process: 2273 -> 2000
